Copyright 1986-2022 Xilinx, Inc. All Rights Reserved.
-------------------------------------------------------------------------------------------------------------------------------------------------------------------
| Tool Version     : Vivado v.2022.2 (win64) Build 3671981 Fri Oct 14 05:00:03 MDT 2022
| Date             : Wed Jul  8 16:49:05 2026
| Host             : LAPTOP-QE70SMI5 running 64-bit major release  (build 9200)
| Command          : report_power -file JESD204_UDP_TOP_power_routed.rpt -pb JESD204_UDP_TOP_power_summary_routed.pb -rpx JESD204_UDP_TOP_power_routed.rpx
| Design           : JESD204_UDP_TOP
| Device           : xc7k325tffg900-2
| Design State     : routed
| Grade            : commercial
| Process          : typical
| Characterization : Production
-------------------------------------------------------------------------------------------------------------------------------------------------------------------

Power Report

Table of Contents
-----------------
1. Summary
1.1 On-Chip Components
1.2 Power Supply Summary
1.3 Confidence Level
2. Settings
2.1 Environment
2.2 Clock Constraints
3. Detailed Reports
3.1 By Hierarchy

1. Summary
----------

+--------------------------+--------------+
| Total On-Chip Power (W)  | 2.095        |
| Design Power Budget (W)  | Unspecified* |
| Power Budget Margin (W)  | NA           |
| Dynamic (W)              | 1.908        |
| Device Static (W)        | 0.187        |
| Effective TJA (C/W)      | 1.8          |
| Max Ambient (C)          | 81.3         |
| Junction Temperature (C) | 28.7         |
| Confidence Level         | Low          |
| Setting File             | ---          |
| Simulation Activity File | ---          |
| Design Nets Matched      | NA           |
+--------------------------+--------------+
* Specify Design Power Budget using, set_operating_conditions -design_power_budget <value in Watts>


1.1 On-Chip Components
----------------------

+--------------------------+-----------+----------+-----------+-----------------+
| On-Chip                  | Power (W) | Used     | Available | Utilization (%) |
+--------------------------+-----------+----------+-----------+-----------------+
| Clocks                   |     0.052 |       41 |       --- |             --- |
| Slice Logic              |     0.009 |    12771 |       --- |             --- |
|   LUT as Logic           |     0.008 |     5618 |    203800 |            2.76 |
|   LUT as Distributed RAM |    <0.001 |      176 |     64000 |            0.28 |
|   CARRY4                 |    <0.001 |      344 |     50950 |            0.68 |
|   Register               |    <0.001 |     4873 |    407600 |            1.20 |
|   F7/F8 Muxes            |    <0.001 |      164 |    203800 |            0.08 |
|   LUT as Shift Register  |    <0.001 |       41 |     64000 |            0.06 |
|   BUFG                   |    <0.001 |        2 |        32 |            6.25 |
|   Others                 |     0.000 |      449 |       --- |             --- |
|   BUFR                   |     0.000 |        2 |       208 |            0.96 |
| Signals                  |     0.010 |    10049 |       --- |             --- |
| Block RAM                |     0.006 |       33 |       445 |            7.42 |
| MMCM                     |     0.119 |        1 |        10 |           10.00 |
| I/O                      |     0.103 |       27 |       500 |            5.40 |
| GTX                      |     1.609 |        8 |        16 |           50.00 |
| Static Power             |     0.187 |          |           |                 |
| Total                    |     2.095 |          |           |                 |
+--------------------------+-----------+----------+-----------+-----------------+


1.2 Power Supply Summary
------------------------

+-----------+-------------+-----------+-------------+------------+-------------+-------------+------------+
| Source    | Voltage (V) | Total (A) | Dynamic (A) | Static (A) | Powerup (A) | Budget (A)  | Margin (A) |
+-----------+-------------+-----------+-------------+------------+-------------+-------------+------------+
| Vccint    |       1.000 |     0.303 |       0.224 |      0.080 |       NA    | Unspecified | NA         |
| Vccaux    |       1.800 |     0.101 |       0.073 |      0.029 |       NA    | Unspecified | NA         |
| Vcco33    |       3.300 |     0.015 |       0.014 |      0.001 |       NA    | Unspecified | NA         |
| Vcco25    |       2.500 |     0.018 |       0.017 |      0.001 |       NA    | Unspecified | NA         |
| Vcco18    |       1.800 |     0.000 |       0.000 |      0.000 |       NA    | Unspecified | NA         |
| Vcco15    |       1.500 |     0.000 |       0.000 |      0.000 |       NA    | Unspecified | NA         |
| Vcco135   |       1.350 |     0.000 |       0.000 |      0.000 |       NA    | Unspecified | NA         |
| Vcco12    |       1.200 |     0.000 |       0.000 |      0.000 |       NA    | Unspecified | NA         |
| Vccaux_io |       1.800 |     0.000 |       0.000 |      0.000 |       NA    | Unspecified | NA         |
| Vccbram   |       1.000 |     0.003 |       0.001 |      0.003 |       NA    | Unspecified | NA         |
| MGTAVcc   |       1.000 |     0.702 |       0.697 |      0.005 |       NA    | Unspecified | NA         |
| MGTAVtt   |       1.200 |     0.645 |       0.640 |      0.005 |       NA    | Unspecified | NA         |
| MGTVccaux |       1.800 |     0.000 |       0.000 |      0.000 |       NA    | Unspecified | NA         |
| Vccadc    |       1.800 |     0.020 |       0.000 |      0.020 |       NA    | Unspecified | NA         |
+-----------+-------------+-----------+-------------+------------+-------------+-------------+------------+


1.3 Confidence Level
--------------------

+-----------------------------+------------+--------------------------------------------------------+--------------------------------------------------------------------------------------------------------------------+
| User Input Data             | Confidence | Details                                                | Action                                                                                                             |
+-----------------------------+------------+--------------------------------------------------------+--------------------------------------------------------------------------------------------------------------------+
| Design implementation state | High       | Design is routed                                       |                                                                                                                    |
| Clock nodes activity        | Medium     | More than 5% of clocks are missing user specification  | Provide missing clock activity with a constraint file, simulation results or by editing the "By Clock Domain" view |
| I/O nodes activity          | Low        | More than 75% of inputs are missing user specification | Provide missing input activity with simulation results or by editing the "By Resource Type -> I/Os" view           |
| Internal nodes activity     | Medium     | User specified less than 25% of internal nodes         | Provide missing internal nodes activity with simulation results or by editing the "By Resource Type" views         |
| Device models               | High       | Device models are Production                           |                                                                                                                    |
|                             |            |                                                        |                                                                                                                    |
| Overall confidence level    | Low        |                                                        |                                                                                                                    |
+-----------------------------+------------+--------------------------------------------------------+--------------------------------------------------------------------------------------------------------------------+


2. Settings
-----------

2.1 Environment
---------------

+-----------------------+--------------------------+
| Ambient Temp (C)      | 25.0                     |
| ThetaJA (C/W)         | 1.8                      |
| Airflow (LFM)         | 250                      |
| Heat Sink             | medium (Medium Profile)  |
| ThetaSA (C/W)         | 3.3                      |
| Board Selection       | medium (10"x10")         |
| # of Board Layers     | 12to15 (12 to 15 Layers) |
| Board Temperature (C) | 25.0                     |
+-----------------------+--------------------------+


2.2 Clock Constraints
---------------------

+--------------------+-----------------------------------+-----------------+
| Clock              | Domain                            | Constraint (ns) |
+--------------------+-----------------------------------+-----------------+
| clk_100_clk_wiz_0  | u_clk_wiz/inst/clk_100_clk_wiz_0  |            10.0 |
| clk_120_clk_wiz_0  | u_clk_wiz/inst/clk_120_clk_wiz_0  |             8.3 |
| clk_200_clk_wiz_0  | u_clk_wiz/inst/clk_200_clk_wiz_0  |             5.0 |
| clk_50_clk_wiz_0   | u_clk_wiz/inst/clk_50_clk_wiz_0   |            20.0 |
| clkfbout_clk_wiz_0 | u_clk_wiz/inst/clkfbout_clk_wiz_0 |             4.2 |
| eth_rxc            | net_rxc                           |             8.0 |
| sys_clk_p          | sys_clk_p                         |             4.2 |
+--------------------+-----------------------------------+-----------------+


3. Detailed Reports
-------------------

3.1 By Hierarchy
----------------

+------------------------------+-----------+
| Name                         | Power (W) |
+------------------------------+-----------+
| JESD204_UDP_TOP              |     1.908 |
|   fifo_jesd_2_eth_inst       |     0.007 |
|     U0                       |     0.007 |
|       inst_fifo_gen          |     0.007 |
|   net_udp_loop_inst1         |     0.023 |
|     inst_RTL8211_Config_IP_0 |     0.001 |
|       inst                   |     0.001 |
|     u_arp                    |     0.004 |
|       u_arp_rx               |     0.003 |
|       u_arp_tx               |     0.001 |
|     u_fifo_4096x32           |     0.005 |
|       U0                     |     0.005 |
|     u_gmii_to_rgmii          |     0.006 |
|       u_rgmii_rx             |     0.005 |
|     u_udp                    |     0.006 |
|       u_crc32_d8             |     0.001 |
|       u_udp_tx               |     0.004 |
|   top_jesd204_inst           |     1.695 |
|     design_1_wrapper_inst    |     1.650 |
|       design_1_i             |     1.650 |
|   u_TX7332                   |     0.004 |
|     Clock_Divider_Inst       |     0.002 |
|   u_clk_wiz                  |     0.126 |
|     inst                     |     0.126 |
+------------------------------+-----------+


